<?xml version="1.0" encoding="utf-8"?>
<TestRun id="ac6a0744-6e58-4514-a532-ecac0b42ee4d" name="user@DESKTOP-297JBHU 2025-06-28 22:19:47" runUser="DESKTOP-297JBHU\user" xmlns="http://microsoft.com/schemas/VisualStudio/TeamTest/2010">
  <Times creation="2025-06-28T22:19:47.6217036+02:00" queuing="2025-06-28T22:19:47.6217040+02:00" start="2025-06-28T22:19:30.1840719+02:00" finish="2025-06-28T22:19:47.6393998+02:00" />
  <TestSettings name="default" id="1b9a8a7d-fb0a-40c3-869c-251758603e5d">
    <Deployment runDeploymentRoot="user_DESKTOP-297JBHU_2025-06-28_22_19_47" />
  </TestSettings>
  <Results>
    <UnitTestResult executionId="543bc5fa-85ac-4f7a-af6e-5b2a21024fb7" testId="cec3fd1b-705c-faa0-8406-4d1d709df5ad" testName="SuccessfulLogin" computerName="DESKTOP-297JBHU" duration="00:00:12.2366060" startTime="2025-06-28T22:19:35.0125208+02:00" endTime="2025-06-28T22:19:47.2488860+02:00" testType="13cdc9d9-ddb5-4fa4-a97d-d965ccfc6d4b" outcome="Passed" testListId="8c84fa94-04c1-424b-9868-57a2d4851a1d" relativeResultsDirectory="543bc5fa-85ac-4f7a-af6e-5b2a21024fb7">
      <Output>
        <StdOut>Given I am on the login page&#xD;
-&gt; done: LoginSteps.GivenIAmOnTheLoginPage() (1.3s)&#xD;
When I login with username "standard_user" and password "secret_sauce"&#xD;
-&gt; done: LoginSteps.WhenILoginWithUsernameAndPassword("standard_user", "secret_sauce") (1.1s)&#xD;
Then I should see the dashboard&#xD;
     Warning:&#xD;
     The component "Fluent Assertions" is governed by the rules defined in the Xceed License Agreement and&#xD;
     the Xceed Fluent Assertions Community License. You may use Fluent Assertions free of charge for&#xD;
     non-commercial use only. An active subscription is required to use Fluent Assertions for commercial use.&#xD;
&#xD;
     Please contact Xceed Sales mailto:sales@xceed.com to acquire a subscription at a very low cost.&#xD;
&#xD;
     A paid commercial license supports the development and continued increasing support of&#xD;
     Fluent Assertions users under both commercial and community licenses. Help us&#xD;
     keep Fluent Assertions at the forefront of unit testing.&#xD;
&#xD;
     For more information, visit https://xceed.com/products/unit-testing/fluent-assertions/&#xD;
-&gt; done: LoginSteps.ThenIShouldSeeTheDashboard() (0.5s)</StdOut>
      </Output>
    </UnitTestResult>
  </Results>
  <TestDefinitions>
    <UnitTest name="SuccessfulLogin" storage="c:\users\user\source\repos\testautomationreqnrollc#project\testautomationreqnrollc#project\bin\debug\net8.0\testautomationreqnrollproject.dll" id="cec3fd1b-705c-faa0-8406-4d1d709df5ad">
      <Execution id="543bc5fa-85ac-4f7a-af6e-5b2a21024fb7" />
      <TestMethod codeBase="C:\Users\user\source\repos\TestAutomationReqnrollC#Project\TestAutomationReqnrollC#Project\bin\Debug\net8.0\TestAutomationReqnrollProject.dll" adapterTypeName="executor://nunit3testexecutor/" className="TestAutomationReqnrollProject.Features.LoginFeature" name="SuccessfulLogin" />
    </UnitTest>
  </TestDefinitions>
  <TestEntries>
    <TestEntry testId="cec3fd1b-705c-faa0-8406-4d1d709df5ad" executionId="543bc5fa-85ac-4f7a-af6e-5b2a21024fb7" testListId="8c84fa94-04c1-424b-9868-57a2d4851a1d" />
  </TestEntries>
  <TestLists>
    <TestList name="Results Not in a List" id="8c84fa94-04c1-424b-9868-57a2d4851a1d" />
    <TestList name="All Loaded Results" id="19431567-8539-422a-85d7-44ee4e166bda" />
  </TestLists>
  <ResultSummary outcome="Completed">
    <Counters total="1" executed="1" passed="1" failed="0" error="0" timeout="0" aborted="0" inconclusive="0" passedButRunAborted="0" notRunnable="0" notExecuted="0" disconnected="0" warning="0" completed="0" inProgress="0" pending="0" />
    <Output>
      <StdOut>NUnit Adapter 4.5.0.0: Test execution started&#xD;
Running all tests in C:\Users\user\source\repos\TestAutomationReqnrollC#Project\TestAutomationReqnrollC#Project\bin\Debug\net8.0\TestAutomationReqnrollProject.dll&#xD;
   NUnit3TestExecutor discovered 1 of 1 NUnit test cases using Current Discovery mode, Non-Explicit run&#xD;
Starting Microsoft Edge WebDriver 138.0.3351.55 (3171b71f28b79179ac707a31cd53ba14216aa62f) on port 63611&#xD;
To submit feedback, report a bug, or suggest new features, please visit https://github.com/MicrosoftEdge/EdgeWebDriver&#xD;
Only local connections are allowed.&#xD;
Please see https://aka.ms/WebDriverSecurity for suggestions on keeping Microsoft Edge WebDriver safe.&#xD;
msedgedriver was started successfully on port 63611.&#xD;
NUnit Adapter 4.5.0.0: Test execution complete&#xD;
</StdOut>
    </Output>
    <RunInfos>
      <RunInfo computerName="DESKTOP-297JBHU" outcome="Warning" timestamp="2025-06-28T22:19:47.3029347+02:00">
        <Text>Given I am on the login page&#xD;
-&gt; done: LoginSteps.GivenIAmOnTheLoginPage() (1.3s)&#xD;
When I login with username "standard_user" and password "secret_sauce"&#xD;
-&gt; done: LoginSteps.WhenILoginWithUsernameAndPassword("standard_user", "secret_sauce") (1.1s)&#xD;
Then I should see the dashboard&#xD;
     Warning:&#xD;
     The component "Fluent Assertions" is governed by the rules defined in the Xceed License Agreement and&#xD;
     the Xceed Fluent Assertions Community License. You may use Fluent Assertions free of charge for&#xD;
     non-commercial use only. An active subscription is required to use Fluent Assertions for commercial use.&#xD;
&#xD;
     Please contact Xceed Sales mailto:sales@xceed.com to acquire a subscription at a very low cost.&#xD;
&#xD;
     A paid commercial license supports the development and continued increasing support of&#xD;
     Fluent Assertions users under both commercial and community licenses. Help us&#xD;
     keep Fluent Assertions at the forefront of unit testing.&#xD;
&#xD;
     For more information, visit https://xceed.com/products/unit-testing/fluent-assertions/&#xD;
-&gt; done: LoginSteps.ThenIShouldSeeTheDashboard() (0.5s)&#xD;
</Text>
      </RunInfo>
    </RunInfos>
  </ResultSummary>
</TestRun>